// Jest Snapshot v1, https://goo.gl/fbAQLP

exports[`Canvas renders correctly with the data 1`] = `
ShallowWrapper {
  Symbol(enzyme.__root__): [Circular],
  Symbol(enzyme.__unrendered__): <Canvas
    imageArray={
      Array [
        Object {
          "largeImageURL": "https://pixabay.com/get/ea35b60821f6093ed1584d05fb1d4f90e671e2d31cac104491f0c97ba7e5b6b0_1280.jpg",
          "user_id": 2946451,
        },
        Object {
          "largeImageURL": "https://pixabay.com/get/e835b60d20f6093ed1584d05fb1d4f90e671e2d31cac104491f0c97ba7e5b6b0_1280.jpg",
          "user_id": 2946452,
        },
      ]
    }
    numberOfImagesOnCarousel={2}
  />,
  Symbol(enzyme.__renderer__): Object {
    "batchedUpdates": [Function],
    "getNode": [Function],
    "render": [Function],
    "simulateError": [Function],
    "simulateEvent": [Function],
    "unmount": [Function],
  },
  Symbol(enzyme.__node__): Object {
    "instance": null,
    "key": undefined,
    "nodeType": "host",
    "props": Object {
      "children": Array [
        <div
          className="row mt-3"
        >
          <div
            className=" overflow-x-hide col-sm-6 col-md-4 col-lg-2 mx-auto"
          >
            <img
              alt="Not Loaded"
              className="singleImage"
              src="https://pixabay.com/get/ea35b60821f6093ed1584d05fb1d4f90e671e2d31cac104491f0c97ba7e5b6b0_1280.jpg"
            />
            <h5>
               
              Image NaN
            </h5>
          </div>
          <div
            className=" overflow-x-hide col-sm-6 col-md-4 col-lg-2 mx-auto"
          >
            <img
              alt="Not Loaded"
              className="singleImage"
              src="https://pixabay.com/get/e835b60d20f6093ed1584d05fb1d4f90e671e2d31cac104491f0c97ba7e5b6b0_1280.jpg"
            />
            <h5>
               
              Image NaN
            </h5>
          </div>
        </div>,
        <div
          className="row biege mt-3 pb-3"
        >
          <div
            className="col-sm-3 offset-sm-5 mt-3"
          >
            <div
              className="row"
            >
              <button
                className="col-sm-4 col-md-3 btn btn-info"
                onClick={[Function]}
                type="button"
              >
                Prev
                 
              </button>
              <button
                className="col-sm-4 col-md-3 offset-sm-1 btn btn-info"
                onClick={[Function]}
                type="button"
              >
                 
                Next
                 
              </button>
            </div>
          </div>
        </div>,
      ],
    },
    "ref": null,
    "rendered": Array [
      Object {
        "instance": null,
        "key": undefined,
        "nodeType": "host",
        "props": Object {
          "children": Array [
            <div
              className=" overflow-x-hide col-sm-6 col-md-4 col-lg-2 mx-auto"
            >
              <img
                alt="Not Loaded"
                className="singleImage"
                src="https://pixabay.com/get/ea35b60821f6093ed1584d05fb1d4f90e671e2d31cac104491f0c97ba7e5b6b0_1280.jpg"
              />
              <h5>
                 
                Image NaN
              </h5>
            </div>,
            <div
              className=" overflow-x-hide col-sm-6 col-md-4 col-lg-2 mx-auto"
            >
              <img
                alt="Not Loaded"
                className="singleImage"
                src="https://pixabay.com/get/e835b60d20f6093ed1584d05fb1d4f90e671e2d31cac104491f0c97ba7e5b6b0_1280.jpg"
              />
              <h5>
                 
                Image NaN
              </h5>
            </div>,
          ],
          "className": "row mt-3",
        },
        "ref": null,
        "rendered": Array [
          Object {
            "instance": null,
            "key": "0",
            "nodeType": "host",
            "props": Object {
              "children": Array [
                <img
                  alt="Not Loaded"
                  className="singleImage"
                  src="https://pixabay.com/get/ea35b60821f6093ed1584d05fb1d4f90e671e2d31cac104491f0c97ba7e5b6b0_1280.jpg"
                />,
                <h5>
                   
                  Image NaN
                </h5>,
              ],
              "className": " overflow-x-hide col-sm-6 col-md-4 col-lg-2 mx-auto",
            },
            "ref": null,
            "rendered": Array [
              Object {
                "instance": null,
                "key": undefined,
                "nodeType": "host",
                "props": Object {
                  "alt": "Not Loaded",
                  "className": "singleImage",
                  "src": "https://pixabay.com/get/ea35b60821f6093ed1584d05fb1d4f90e671e2d31cac104491f0c97ba7e5b6b0_1280.jpg",
                },
                "ref": null,
                "rendered": null,
                "type": "img",
              },
              Object {
                "instance": null,
                "key": undefined,
                "nodeType": "host",
                "props": Object {
                  "children": Array [
                    " ",
                    "Image NaN",
                  ],
                },
                "ref": null,
                "rendered": Array [
                  " ",
                  "Image NaN",
                ],
                "type": "h5",
              },
            ],
            "type": "div",
          },
          Object {
            "instance": null,
            "key": "1",
            "nodeType": "host",
            "props": Object {
              "children": Array [
                <img
                  alt="Not Loaded"
                  className="singleImage"
                  src="https://pixabay.com/get/e835b60d20f6093ed1584d05fb1d4f90e671e2d31cac104491f0c97ba7e5b6b0_1280.jpg"
                />,
                <h5>
                   
                  Image NaN
                </h5>,
              ],
              "className": " overflow-x-hide col-sm-6 col-md-4 col-lg-2 mx-auto",
            },
            "ref": null,
            "rendered": Array [
              Object {
                "instance": null,
                "key": undefined,
                "nodeType": "host",
                "props": Object {
                  "alt": "Not Loaded",
                  "className": "singleImage",
                  "src": "https://pixabay.com/get/e835b60d20f6093ed1584d05fb1d4f90e671e2d31cac104491f0c97ba7e5b6b0_1280.jpg",
                },
                "ref": null,
                "rendered": null,
                "type": "img",
              },
              Object {
                "instance": null,
                "key": undefined,
                "nodeType": "host",
                "props": Object {
                  "children": Array [
                    " ",
                    "Image NaN",
                  ],
                },
                "ref": null,
                "rendered": Array [
                  " ",
                  "Image NaN",
                ],
                "type": "h5",
              },
            ],
            "type": "div",
          },
        ],
        "type": "div",
      },
      Object {
        "instance": null,
        "key": undefined,
        "nodeType": "host",
        "props": Object {
          "children": <div
            className="col-sm-3 offset-sm-5 mt-3"
          >
            <div
              className="row"
            >
              <button
                className="col-sm-4 col-md-3 btn btn-info"
                onClick={[Function]}
                type="button"
              >
                Prev
                 
              </button>
              <button
                className="col-sm-4 col-md-3 offset-sm-1 btn btn-info"
                onClick={[Function]}
                type="button"
              >
                 
                Next
                 
              </button>
            </div>
          </div>,
          "className": "row biege mt-3 pb-3",
        },
        "ref": null,
        "rendered": Object {
          "instance": null,
          "key": undefined,
          "nodeType": "host",
          "props": Object {
            "children": <div
              className="row"
            >
              <button
                className="col-sm-4 col-md-3 btn btn-info"
                onClick={[Function]}
                type="button"
              >
                Prev
                 
              </button>
              <button
                className="col-sm-4 col-md-3 offset-sm-1 btn btn-info"
                onClick={[Function]}
                type="button"
              >
                 
                Next
                 
              </button>
            </div>,
            "className": "col-sm-3 offset-sm-5 mt-3",
          },
          "ref": null,
          "rendered": Object {
            "instance": null,
            "key": undefined,
            "nodeType": "host",
            "props": Object {
              "children": Array [
                <button
                  className="col-sm-4 col-md-3 btn btn-info"
                  onClick={[Function]}
                  type="button"
                >
                  Prev
                   
                </button>,
                <button
                  className="col-sm-4 col-md-3 offset-sm-1 btn btn-info"
                  onClick={[Function]}
                  type="button"
                >
                   
                  Next
                   
                </button>,
              ],
              "className": "row",
            },
            "ref": null,
            "rendered": Array [
              Object {
                "instance": null,
                "key": undefined,
                "nodeType": "host",
                "props": Object {
                  "children": Array [
                    "Prev",
                    " ",
                  ],
                  "className": "col-sm-4 col-md-3 btn btn-info",
                  "disabled": undefined,
                  "onClick": [Function],
                  "type": "button",
                },
                "ref": null,
                "rendered": Array [
                  "Prev",
                  " ",
                ],
                "type": "button",
              },
              Object {
                "instance": null,
                "key": undefined,
                "nodeType": "host",
                "props": Object {
                  "children": Array [
                    " ",
                    "Next",
                    " ",
                  ],
                  "className": "col-sm-4 col-md-3 offset-sm-1 btn btn-info",
                  "disabled": undefined,
                  "onClick": [Function],
                  "type": "button",
                },
                "ref": null,
                "rendered": Array [
                  " ",
                  "Next",
                  " ",
                ],
                "type": "button",
              },
            ],
            "type": "div",
          },
          "type": "div",
        },
        "type": "div",
      },
    ],
    "type": "div",
  },
  Symbol(enzyme.__nodes__): Array [
    Object {
      "instance": null,
      "key": undefined,
      "nodeType": "host",
      "props": Object {
        "children": Array [
          <div
            className="row mt-3"
          >
            <div
              className=" overflow-x-hide col-sm-6 col-md-4 col-lg-2 mx-auto"
            >
              <img
                alt="Not Loaded"
                className="singleImage"
                src="https://pixabay.com/get/ea35b60821f6093ed1584d05fb1d4f90e671e2d31cac104491f0c97ba7e5b6b0_1280.jpg"
              />
              <h5>
                 
                Image NaN
              </h5>
            </div>
            <div
              className=" overflow-x-hide col-sm-6 col-md-4 col-lg-2 mx-auto"
            >
              <img
                alt="Not Loaded"
                className="singleImage"
                src="https://pixabay.com/get/e835b60d20f6093ed1584d05fb1d4f90e671e2d31cac104491f0c97ba7e5b6b0_1280.jpg"
              />
              <h5>
                 
                Image NaN
              </h5>
            </div>
          </div>,
          <div
            className="row biege mt-3 pb-3"
          >
            <div
              className="col-sm-3 offset-sm-5 mt-3"
            >
              <div
                className="row"
              >
                <button
                  className="col-sm-4 col-md-3 btn btn-info"
                  onClick={[Function]}
                  type="button"
                >
                  Prev
                   
                </button>
                <button
                  className="col-sm-4 col-md-3 offset-sm-1 btn btn-info"
                  onClick={[Function]}
                  type="button"
                >
                   
                  Next
                   
                </button>
              </div>
            </div>
          </div>,
        ],
      },
      "ref": null,
      "rendered": Array [
        Object {
          "instance": null,
          "key": undefined,
          "nodeType": "host",
          "props": Object {
            "children": Array [
              <div
                className=" overflow-x-hide col-sm-6 col-md-4 col-lg-2 mx-auto"
              >
                <img
                  alt="Not Loaded"
                  className="singleImage"
                  src="https://pixabay.com/get/ea35b60821f6093ed1584d05fb1d4f90e671e2d31cac104491f0c97ba7e5b6b0_1280.jpg"
                />
                <h5>
                   
                  Image NaN
                </h5>
              </div>,
              <div
                className=" overflow-x-hide col-sm-6 col-md-4 col-lg-2 mx-auto"
              >
                <img
                  alt="Not Loaded"
                  className="singleImage"
                  src="https://pixabay.com/get/e835b60d20f6093ed1584d05fb1d4f90e671e2d31cac104491f0c97ba7e5b6b0_1280.jpg"
                />
                <h5>
                   
                  Image NaN
                </h5>
              </div>,
            ],
            "className": "row mt-3",
          },
          "ref": null,
          "rendered": Array [
            Object {
              "instance": null,
              "key": "0",
              "nodeType": "host",
              "props": Object {
                "children": Array [
                  <img
                    alt="Not Loaded"
                    className="singleImage"
                    src="https://pixabay.com/get/ea35b60821f6093ed1584d05fb1d4f90e671e2d31cac104491f0c97ba7e5b6b0_1280.jpg"
                  />,
                  <h5>
                     
                    Image NaN
                  </h5>,
                ],
                "className": " overflow-x-hide col-sm-6 col-md-4 col-lg-2 mx-auto",
              },
              "ref": null,
              "rendered": Array [
                Object {
                  "instance": null,
                  "key": undefined,
                  "nodeType": "host",
                  "props": Object {
                    "alt": "Not Loaded",
                    "className": "singleImage",
                    "src": "https://pixabay.com/get/ea35b60821f6093ed1584d05fb1d4f90e671e2d31cac104491f0c97ba7e5b6b0_1280.jpg",
                  },
                  "ref": null,
                  "rendered": null,
                  "type": "img",
                },
                Object {
                  "instance": null,
                  "key": undefined,
                  "nodeType": "host",
                  "props": Object {
                    "children": Array [
                      " ",
                      "Image NaN",
                    ],
                  },
                  "ref": null,
                  "rendered": Array [
                    " ",
                    "Image NaN",
                  ],
                  "type": "h5",
                },
              ],
              "type": "div",
            },
            Object {
              "instance": null,
              "key": "1",
              "nodeType": "host",
              "props": Object {
                "children": Array [
                  <img
                    alt="Not Loaded"
                    className="singleImage"
                    src="https://pixabay.com/get/e835b60d20f6093ed1584d05fb1d4f90e671e2d31cac104491f0c97ba7e5b6b0_1280.jpg"
                  />,
                  <h5>
                     
                    Image NaN
                  </h5>,
                ],
                "className": " overflow-x-hide col-sm-6 col-md-4 col-lg-2 mx-auto",
              },
              "ref": null,
              "rendered": Array [
                Object {
                  "instance": null,
                  "key": undefined,
                  "nodeType": "host",
                  "props": Object {
                    "alt": "Not Loaded",
                    "className": "singleImage",
                    "src": "https://pixabay.com/get/e835b60d20f6093ed1584d05fb1d4f90e671e2d31cac104491f0c97ba7e5b6b0_1280.jpg",
                  },
                  "ref": null,
                  "rendered": null,
                  "type": "img",
                },
                Object {
                  "instance": null,
                  "key": undefined,
                  "nodeType": "host",
                  "props": Object {
                    "children": Array [
                      " ",
                      "Image NaN",
                    ],
                  },
                  "ref": null,
                  "rendered": Array [
                    " ",
                    "Image NaN",
                  ],
                  "type": "h5",
                },
              ],
              "type": "div",
            },
          ],
          "type": "div",
        },
        Object {
          "instance": null,
          "key": undefined,
          "nodeType": "host",
          "props": Object {
            "children": <div
              className="col-sm-3 offset-sm-5 mt-3"
            >
              <div
                className="row"
              >
                <button
                  className="col-sm-4 col-md-3 btn btn-info"
                  onClick={[Function]}
                  type="button"
                >
                  Prev
                   
                </button>
                <button
                  className="col-sm-4 col-md-3 offset-sm-1 btn btn-info"
                  onClick={[Function]}
                  type="button"
                >
                   
                  Next
                   
                </button>
              </div>
            </div>,
            "className": "row biege mt-3 pb-3",
          },
          "ref": null,
          "rendered": Object {
            "instance": null,
            "key": undefined,
            "nodeType": "host",
            "props": Object {
              "children": <div
                className="row"
              >
                <button
                  className="col-sm-4 col-md-3 btn btn-info"
                  onClick={[Function]}
                  type="button"
                >
                  Prev
                   
                </button>
                <button
                  className="col-sm-4 col-md-3 offset-sm-1 btn btn-info"
                  onClick={[Function]}
                  type="button"
                >
                   
                  Next
                   
                </button>
              </div>,
              "className": "col-sm-3 offset-sm-5 mt-3",
            },
            "ref": null,
            "rendered": Object {
              "instance": null,
              "key": undefined,
              "nodeType": "host",
              "props": Object {
                "children": Array [
                  <button
                    className="col-sm-4 col-md-3 btn btn-info"
                    onClick={[Function]}
                    type="button"
                  >
                    Prev
                     
                  </button>,
                  <button
                    className="col-sm-4 col-md-3 offset-sm-1 btn btn-info"
                    onClick={[Function]}
                    type="button"
                  >
                     
                    Next
                     
                  </button>,
                ],
                "className": "row",
              },
              "ref": null,
              "rendered": Array [
                Object {
                  "instance": null,
                  "key": undefined,
                  "nodeType": "host",
                  "props": Object {
                    "children": Array [
                      "Prev",
                      " ",
                    ],
                    "className": "col-sm-4 col-md-3 btn btn-info",
                    "disabled": undefined,
                    "onClick": [Function],
                    "type": "button",
                  },
                  "ref": null,
                  "rendered": Array [
                    "Prev",
                    " ",
                  ],
                  "type": "button",
                },
                Object {
                  "instance": null,
                  "key": undefined,
                  "nodeType": "host",
                  "props": Object {
                    "children": Array [
                      " ",
                      "Next",
                      " ",
                    ],
                    "className": "col-sm-4 col-md-3 offset-sm-1 btn btn-info",
                    "disabled": undefined,
                    "onClick": [Function],
                    "type": "button",
                  },
                  "ref": null,
                  "rendered": Array [
                    " ",
                    "Next",
                    " ",
                  ],
                  "type": "button",
                },
              ],
              "type": "div",
            },
            "type": "div",
          },
          "type": "div",
        },
      ],
      "type": "div",
    },
  ],
  Symbol(enzyme.__options__): Object {
    "adapter": ReactSixteenAdapter {
      "options": Object {
        "enableComponentDidUpdateOnSetState": true,
        "lifecycles": Object {
          "componentDidUpdate": Object {
            "onSetState": true,
          },
          "getDerivedStateFromProps": true,
          "getSnapshotBeforeUpdate": true,
          "setState": Object {
            "skipsComponentDidUpdateOnNullish": true,
          },
        },
      },
    },
  },
}
`;

exports[`Canvas sends props 1`] = `
ShallowWrapper {
  Symbol(enzyme.__root__): [Circular],
  Symbol(enzyme.__unrendered__): <Canvas
    imageArray={
      Array [
        Object {
          "largeImageURL": "https://pixabay.com/get/ea35b60821f6093ed1584d05fb1d4f90e671e2d31cac104491f0c97ba7e5b6b0_1280.jpg",
          "user_id": 2946451,
        },
        Object {
          "largeImageURL": "https://pixabay.com/get/e835b60d20f6093ed1584d05fb1d4f90e671e2d31cac104491f0c97ba7e5b6b0_1280.jpg",
          "user_id": 2946452,
        },
      ]
    }
    numberOfImagesOnCarousel={2}
  />,
  Symbol(enzyme.__renderer__): Object {
    "batchedUpdates": [Function],
    "getNode": [Function],
    "render": [Function],
    "simulateError": [Function],
    "simulateEvent": [Function],
    "unmount": [Function],
  },
  Symbol(enzyme.__node__): Object {
    "instance": null,
    "key": undefined,
    "nodeType": "host",
    "props": Object {
      "children": Array [
        <div
          className="row mt-3"
        >
          <div
            className=" overflow-x-hide col-sm-6 col-md-4 col-lg-2 mx-auto"
          >
            <img
              alt="Not Loaded"
              className="singleImage"
              src="https://pixabay.com/get/ea35b60821f6093ed1584d05fb1d4f90e671e2d31cac104491f0c97ba7e5b6b0_1280.jpg"
            />
            <h5>
               
              Image NaN
            </h5>
          </div>
          <div
            className=" overflow-x-hide col-sm-6 col-md-4 col-lg-2 mx-auto"
          >
            <img
              alt="Not Loaded"
              className="singleImage"
              src="https://pixabay.com/get/e835b60d20f6093ed1584d05fb1d4f90e671e2d31cac104491f0c97ba7e5b6b0_1280.jpg"
            />
            <h5>
               
              Image NaN
            </h5>
          </div>
        </div>,
        <div
          className="row biege mt-3 pb-3"
        >
          <div
            className="col-sm-3 offset-sm-5 mt-3"
          >
            <div
              className="row"
            >
              <button
                className="col-sm-4 col-md-3 btn btn-info"
                onClick={[Function]}
                type="button"
              >
                Prev
                 
              </button>
              <button
                className="col-sm-4 col-md-3 offset-sm-1 btn btn-info"
                onClick={[Function]}
                type="button"
              >
                 
                Next
                 
              </button>
            </div>
          </div>
        </div>,
      ],
    },
    "ref": null,
    "rendered": Array [
      Object {
        "instance": null,
        "key": undefined,
        "nodeType": "host",
        "props": Object {
          "children": Array [
            <div
              className=" overflow-x-hide col-sm-6 col-md-4 col-lg-2 mx-auto"
            >
              <img
                alt="Not Loaded"
                className="singleImage"
                src="https://pixabay.com/get/ea35b60821f6093ed1584d05fb1d4f90e671e2d31cac104491f0c97ba7e5b6b0_1280.jpg"
              />
              <h5>
                 
                Image NaN
              </h5>
            </div>,
            <div
              className=" overflow-x-hide col-sm-6 col-md-4 col-lg-2 mx-auto"
            >
              <img
                alt="Not Loaded"
                className="singleImage"
                src="https://pixabay.com/get/e835b60d20f6093ed1584d05fb1d4f90e671e2d31cac104491f0c97ba7e5b6b0_1280.jpg"
              />
              <h5>
                 
                Image NaN
              </h5>
            </div>,
          ],
          "className": "row mt-3",
        },
        "ref": null,
        "rendered": Array [
          Object {
            "instance": null,
            "key": "0",
            "nodeType": "host",
            "props": Object {
              "children": Array [
                <img
                  alt="Not Loaded"
                  className="singleImage"
                  src="https://pixabay.com/get/ea35b60821f6093ed1584d05fb1d4f90e671e2d31cac104491f0c97ba7e5b6b0_1280.jpg"
                />,
                <h5>
                   
                  Image NaN
                </h5>,
              ],
              "className": " overflow-x-hide col-sm-6 col-md-4 col-lg-2 mx-auto",
            },
            "ref": null,
            "rendered": Array [
              Object {
                "instance": null,
                "key": undefined,
                "nodeType": "host",
                "props": Object {
                  "alt": "Not Loaded",
                  "className": "singleImage",
                  "src": "https://pixabay.com/get/ea35b60821f6093ed1584d05fb1d4f90e671e2d31cac104491f0c97ba7e5b6b0_1280.jpg",
                },
                "ref": null,
                "rendered": null,
                "type": "img",
              },
              Object {
                "instance": null,
                "key": undefined,
                "nodeType": "host",
                "props": Object {
                  "children": Array [
                    " ",
                    "Image NaN",
                  ],
                },
                "ref": null,
                "rendered": Array [
                  " ",
                  "Image NaN",
                ],
                "type": "h5",
              },
            ],
            "type": "div",
          },
          Object {
            "instance": null,
            "key": "1",
            "nodeType": "host",
            "props": Object {
              "children": Array [
                <img
                  alt="Not Loaded"
                  className="singleImage"
                  src="https://pixabay.com/get/e835b60d20f6093ed1584d05fb1d4f90e671e2d31cac104491f0c97ba7e5b6b0_1280.jpg"
                />,
                <h5>
                   
                  Image NaN
                </h5>,
              ],
              "className": " overflow-x-hide col-sm-6 col-md-4 col-lg-2 mx-auto",
            },
            "ref": null,
            "rendered": Array [
              Object {
                "instance": null,
                "key": undefined,
                "nodeType": "host",
                "props": Object {
                  "alt": "Not Loaded",
                  "className": "singleImage",
                  "src": "https://pixabay.com/get/e835b60d20f6093ed1584d05fb1d4f90e671e2d31cac104491f0c97ba7e5b6b0_1280.jpg",
                },
                "ref": null,
                "rendered": null,
                "type": "img",
              },
              Object {
                "instance": null,
                "key": undefined,
                "nodeType": "host",
                "props": Object {
                  "children": Array [
                    " ",
                    "Image NaN",
                  ],
                },
                "ref": null,
                "rendered": Array [
                  " ",
                  "Image NaN",
                ],
                "type": "h5",
              },
            ],
            "type": "div",
          },
        ],
        "type": "div",
      },
      Object {
        "instance": null,
        "key": undefined,
        "nodeType": "host",
        "props": Object {
          "children": <div
            className="col-sm-3 offset-sm-5 mt-3"
          >
            <div
              className="row"
            >
              <button
                className="col-sm-4 col-md-3 btn btn-info"
                onClick={[Function]}
                type="button"
              >
                Prev
                 
              </button>
              <button
                className="col-sm-4 col-md-3 offset-sm-1 btn btn-info"
                onClick={[Function]}
                type="button"
              >
                 
                Next
                 
              </button>
            </div>
          </div>,
          "className": "row biege mt-3 pb-3",
        },
        "ref": null,
        "rendered": Object {
          "instance": null,
          "key": undefined,
          "nodeType": "host",
          "props": Object {
            "children": <div
              className="row"
            >
              <button
                className="col-sm-4 col-md-3 btn btn-info"
                onClick={[Function]}
                type="button"
              >
                Prev
                 
              </button>
              <button
                className="col-sm-4 col-md-3 offset-sm-1 btn btn-info"
                onClick={[Function]}
                type="button"
              >
                 
                Next
                 
              </button>
            </div>,
            "className": "col-sm-3 offset-sm-5 mt-3",
          },
          "ref": null,
          "rendered": Object {
            "instance": null,
            "key": undefined,
            "nodeType": "host",
            "props": Object {
              "children": Array [
                <button
                  className="col-sm-4 col-md-3 btn btn-info"
                  onClick={[Function]}
                  type="button"
                >
                  Prev
                   
                </button>,
                <button
                  className="col-sm-4 col-md-3 offset-sm-1 btn btn-info"
                  onClick={[Function]}
                  type="button"
                >
                   
                  Next
                   
                </button>,
              ],
              "className": "row",
            },
            "ref": null,
            "rendered": Array [
              Object {
                "instance": null,
                "key": undefined,
                "nodeType": "host",
                "props": Object {
                  "children": Array [
                    "Prev",
                    " ",
                  ],
                  "className": "col-sm-4 col-md-3 btn btn-info",
                  "disabled": undefined,
                  "onClick": [Function],
                  "type": "button",
                },
                "ref": null,
                "rendered": Array [
                  "Prev",
                  " ",
                ],
                "type": "button",
              },
              Object {
                "instance": null,
                "key": undefined,
                "nodeType": "host",
                "props": Object {
                  "children": Array [
                    " ",
                    "Next",
                    " ",
                  ],
                  "className": "col-sm-4 col-md-3 offset-sm-1 btn btn-info",
                  "disabled": undefined,
                  "onClick": [Function],
                  "type": "button",
                },
                "ref": null,
                "rendered": Array [
                  " ",
                  "Next",
                  " ",
                ],
                "type": "button",
              },
            ],
            "type": "div",
          },
          "type": "div",
        },
        "type": "div",
      },
    ],
    "type": "div",
  },
  Symbol(enzyme.__nodes__): Array [
    Object {
      "instance": null,
      "key": undefined,
      "nodeType": "host",
      "props": Object {
        "children": Array [
          <div
            className="row mt-3"
          >
            <div
              className=" overflow-x-hide col-sm-6 col-md-4 col-lg-2 mx-auto"
            >
              <img
                alt="Not Loaded"
                className="singleImage"
                src="https://pixabay.com/get/ea35b60821f6093ed1584d05fb1d4f90e671e2d31cac104491f0c97ba7e5b6b0_1280.jpg"
              />
              <h5>
                 
                Image NaN
              </h5>
            </div>
            <div
              className=" overflow-x-hide col-sm-6 col-md-4 col-lg-2 mx-auto"
            >
              <img
                alt="Not Loaded"
                className="singleImage"
                src="https://pixabay.com/get/e835b60d20f6093ed1584d05fb1d4f90e671e2d31cac104491f0c97ba7e5b6b0_1280.jpg"
              />
              <h5>
                 
                Image NaN
              </h5>
            </div>
          </div>,
          <div
            className="row biege mt-3 pb-3"
          >
            <div
              className="col-sm-3 offset-sm-5 mt-3"
            >
              <div
                className="row"
              >
                <button
                  className="col-sm-4 col-md-3 btn btn-info"
                  onClick={[Function]}
                  type="button"
                >
                  Prev
                   
                </button>
                <button
                  className="col-sm-4 col-md-3 offset-sm-1 btn btn-info"
                  onClick={[Function]}
                  type="button"
                >
                   
                  Next
                   
                </button>
              </div>
            </div>
          </div>,
        ],
      },
      "ref": null,
      "rendered": Array [
        Object {
          "instance": null,
          "key": undefined,
          "nodeType": "host",
          "props": Object {
            "children": Array [
              <div
                className=" overflow-x-hide col-sm-6 col-md-4 col-lg-2 mx-auto"
              >
                <img
                  alt="Not Loaded"
                  className="singleImage"
                  src="https://pixabay.com/get/ea35b60821f6093ed1584d05fb1d4f90e671e2d31cac104491f0c97ba7e5b6b0_1280.jpg"
                />
                <h5>
                   
                  Image NaN
                </h5>
              </div>,
              <div
                className=" overflow-x-hide col-sm-6 col-md-4 col-lg-2 mx-auto"
              >
                <img
                  alt="Not Loaded"
                  className="singleImage"
                  src="https://pixabay.com/get/e835b60d20f6093ed1584d05fb1d4f90e671e2d31cac104491f0c97ba7e5b6b0_1280.jpg"
                />
                <h5>
                   
                  Image NaN
                </h5>
              </div>,
            ],
            "className": "row mt-3",
          },
          "ref": null,
          "rendered": Array [
            Object {
              "instance": null,
              "key": "0",
              "nodeType": "host",
              "props": Object {
                "children": Array [
                  <img
                    alt="Not Loaded"
                    className="singleImage"
                    src="https://pixabay.com/get/ea35b60821f6093ed1584d05fb1d4f90e671e2d31cac104491f0c97ba7e5b6b0_1280.jpg"
                  />,
                  <h5>
                     
                    Image NaN
                  </h5>,
                ],
                "className": " overflow-x-hide col-sm-6 col-md-4 col-lg-2 mx-auto",
              },
              "ref": null,
              "rendered": Array [
                Object {
                  "instance": null,
                  "key": undefined,
                  "nodeType": "host",
                  "props": Object {
                    "alt": "Not Loaded",
                    "className": "singleImage",
                    "src": "https://pixabay.com/get/ea35b60821f6093ed1584d05fb1d4f90e671e2d31cac104491f0c97ba7e5b6b0_1280.jpg",
                  },
                  "ref": null,
                  "rendered": null,
                  "type": "img",
                },
                Object {
                  "instance": null,
                  "key": undefined,
                  "nodeType": "host",
                  "props": Object {
                    "children": Array [
                      " ",
                      "Image NaN",
                    ],
                  },
                  "ref": null,
                  "rendered": Array [
                    " ",
                    "Image NaN",
                  ],
                  "type": "h5",
                },
              ],
              "type": "div",
            },
            Object {
              "instance": null,
              "key": "1",
              "nodeType": "host",
              "props": Object {
                "children": Array [
                  <img
                    alt="Not Loaded"
                    className="singleImage"
                    src="https://pixabay.com/get/e835b60d20f6093ed1584d05fb1d4f90e671e2d31cac104491f0c97ba7e5b6b0_1280.jpg"
                  />,
                  <h5>
                     
                    Image NaN
                  </h5>,
                ],
                "className": " overflow-x-hide col-sm-6 col-md-4 col-lg-2 mx-auto",
              },
              "ref": null,
              "rendered": Array [
                Object {
                  "instance": null,
                  "key": undefined,
                  "nodeType": "host",
                  "props": Object {
                    "alt": "Not Loaded",
                    "className": "singleImage",
                    "src": "https://pixabay.com/get/e835b60d20f6093ed1584d05fb1d4f90e671e2d31cac104491f0c97ba7e5b6b0_1280.jpg",
                  },
                  "ref": null,
                  "rendered": null,
                  "type": "img",
                },
                Object {
                  "instance": null,
                  "key": undefined,
                  "nodeType": "host",
                  "props": Object {
                    "children": Array [
                      " ",
                      "Image NaN",
                    ],
                  },
                  "ref": null,
                  "rendered": Array [
                    " ",
                    "Image NaN",
                  ],
                  "type": "h5",
                },
              ],
              "type": "div",
            },
          ],
          "type": "div",
        },
        Object {
          "instance": null,
          "key": undefined,
          "nodeType": "host",
          "props": Object {
            "children": <div
              className="col-sm-3 offset-sm-5 mt-3"
            >
              <div
                className="row"
              >
                <button
                  className="col-sm-4 col-md-3 btn btn-info"
                  onClick={[Function]}
                  type="button"
                >
                  Prev
                   
                </button>
                <button
                  className="col-sm-4 col-md-3 offset-sm-1 btn btn-info"
                  onClick={[Function]}
                  type="button"
                >
                   
                  Next
                   
                </button>
              </div>
            </div>,
            "className": "row biege mt-3 pb-3",
          },
          "ref": null,
          "rendered": Object {
            "instance": null,
            "key": undefined,
            "nodeType": "host",
            "props": Object {
              "children": <div
                className="row"
              >
                <button
                  className="col-sm-4 col-md-3 btn btn-info"
                  onClick={[Function]}
                  type="button"
                >
                  Prev
                   
                </button>
                <button
                  className="col-sm-4 col-md-3 offset-sm-1 btn btn-info"
                  onClick={[Function]}
                  type="button"
                >
                   
                  Next
                   
                </button>
              </div>,
              "className": "col-sm-3 offset-sm-5 mt-3",
            },
            "ref": null,
            "rendered": Object {
              "instance": null,
              "key": undefined,
              "nodeType": "host",
              "props": Object {
                "children": Array [
                  <button
                    className="col-sm-4 col-md-3 btn btn-info"
                    onClick={[Function]}
                    type="button"
                  >
                    Prev
                     
                  </button>,
                  <button
                    className="col-sm-4 col-md-3 offset-sm-1 btn btn-info"
                    onClick={[Function]}
                    type="button"
                  >
                     
                    Next
                     
                  </button>,
                ],
                "className": "row",
              },
              "ref": null,
              "rendered": Array [
                Object {
                  "instance": null,
                  "key": undefined,
                  "nodeType": "host",
                  "props": Object {
                    "children": Array [
                      "Prev",
                      " ",
                    ],
                    "className": "col-sm-4 col-md-3 btn btn-info",
                    "disabled": undefined,
                    "onClick": [Function],
                    "type": "button",
                  },
                  "ref": null,
                  "rendered": Array [
                    "Prev",
                    " ",
                  ],
                  "type": "button",
                },
                Object {
                  "instance": null,
                  "key": undefined,
                  "nodeType": "host",
                  "props": Object {
                    "children": Array [
                      " ",
                      "Next",
                      " ",
                    ],
                    "className": "col-sm-4 col-md-3 offset-sm-1 btn btn-info",
                    "disabled": undefined,
                    "onClick": [Function],
                    "type": "button",
                  },
                  "ref": null,
                  "rendered": Array [
                    " ",
                    "Next",
                    " ",
                  ],
                  "type": "button",
                },
              ],
              "type": "div",
            },
            "type": "div",
          },
          "type": "div",
        },
      ],
      "type": "div",
    },
  ],
  Symbol(enzyme.__options__): Object {
    "adapter": ReactSixteenAdapter {
      "options": Object {
        "enableComponentDidUpdateOnSetState": true,
        "lifecycles": Object {
          "componentDidUpdate": Object {
            "onSetState": true,
          },
          "getDerivedStateFromProps": true,
          "getSnapshotBeforeUpdate": true,
          "setState": Object {
            "skipsComponentDidUpdateOnNullish": true,
          },
        },
      },
    },
  },
}
`;

exports[`Canvas sends props 2`] = `
ShallowWrapper {
  Symbol(enzyme.__root__): [Circular],
  Symbol(enzyme.__unrendered__): <Canvas
    imageArray={
      Array [
        Object {
          "largeImageURL": "https://pixabay.com/get/ea35b60821f6093ed1584d05fb1d4f90e671e2d31cac104491f0c97ba7e5b6b0_1280.jpg",
          "user_id": 2946451,
        },
        Object {
          "largeImageURL": "https://pixabay.com/get/e835b60d20f6093ed1584d05fb1d4f90e671e2d31cac104491f0c97ba7e5b6b0_1280.jpg",
          "user_id": 2946452,
        },
      ]
    }
    numberOfImagesOnCarousel={2}
  />,
  Symbol(enzyme.__renderer__): Object {
    "batchedUpdates": [Function],
    "getNode": [Function],
    "render": [Function],
    "simulateError": [Function],
    "simulateEvent": [Function],
    "unmount": [Function],
  },
  Symbol(enzyme.__node__): Object {
    "instance": null,
    "key": undefined,
    "nodeType": "host",
    "props": Object {
      "children": Array [
        <div
          className="row mt-3"
        >
          <div
            className=" overflow-x-hide col-sm-6 col-md-4 col-lg-2 mx-auto"
          >
            <img
              alt="Not Loaded"
              className="singleImage"
              src="https://pixabay.com/get/ea35b60821f6093ed1584d05fb1d4f90e671e2d31cac104491f0c97ba7e5b6b0_1280.jpg"
            />
            <h5>
               
              Image NaN
            </h5>
          </div>
          <div
            className=" overflow-x-hide col-sm-6 col-md-4 col-lg-2 mx-auto"
          >
            <img
              alt="Not Loaded"
              className="singleImage"
              src="https://pixabay.com/get/e835b60d20f6093ed1584d05fb1d4f90e671e2d31cac104491f0c97ba7e5b6b0_1280.jpg"
            />
            <h5>
               
              Image NaN
            </h5>
          </div>
        </div>,
        <div
          className="row biege mt-3 pb-3"
        >
          <div
            className="col-sm-3 offset-sm-5 mt-3"
          >
            <div
              className="row"
            >
              <button
                className="col-sm-4 col-md-3 btn btn-info"
                onClick={[Function]}
                type="button"
              >
                Prev
                 
              </button>
              <button
                className="col-sm-4 col-md-3 offset-sm-1 btn btn-info"
                onClick={[Function]}
                type="button"
              >
                 
                Next
                 
              </button>
            </div>
          </div>
        </div>,
      ],
    },
    "ref": null,
    "rendered": Array [
      Object {
        "instance": null,
        "key": undefined,
        "nodeType": "host",
        "props": Object {
          "children": Array [
            <div
              className=" overflow-x-hide col-sm-6 col-md-4 col-lg-2 mx-auto"
            >
              <img
                alt="Not Loaded"
                className="singleImage"
                src="https://pixabay.com/get/ea35b60821f6093ed1584d05fb1d4f90e671e2d31cac104491f0c97ba7e5b6b0_1280.jpg"
              />
              <h5>
                 
                Image NaN
              </h5>
            </div>,
            <div
              className=" overflow-x-hide col-sm-6 col-md-4 col-lg-2 mx-auto"
            >
              <img
                alt="Not Loaded"
                className="singleImage"
                src="https://pixabay.com/get/e835b60d20f6093ed1584d05fb1d4f90e671e2d31cac104491f0c97ba7e5b6b0_1280.jpg"
              />
              <h5>
                 
                Image NaN
              </h5>
            </div>,
          ],
          "className": "row mt-3",
        },
        "ref": null,
        "rendered": Array [
          Object {
            "instance": null,
            "key": "0",
            "nodeType": "host",
            "props": Object {
              "children": Array [
                <img
                  alt="Not Loaded"
                  className="singleImage"
                  src="https://pixabay.com/get/ea35b60821f6093ed1584d05fb1d4f90e671e2d31cac104491f0c97ba7e5b6b0_1280.jpg"
                />,
                <h5>
                   
                  Image NaN
                </h5>,
              ],
              "className": " overflow-x-hide col-sm-6 col-md-4 col-lg-2 mx-auto",
            },
            "ref": null,
            "rendered": Array [
              Object {
                "instance": null,
                "key": undefined,
                "nodeType": "host",
                "props": Object {
                  "alt": "Not Loaded",
                  "className": "singleImage",
                  "src": "https://pixabay.com/get/ea35b60821f6093ed1584d05fb1d4f90e671e2d31cac104491f0c97ba7e5b6b0_1280.jpg",
                },
                "ref": null,
                "rendered": null,
                "type": "img",
              },
              Object {
                "instance": null,
                "key": undefined,
                "nodeType": "host",
                "props": Object {
                  "children": Array [
                    " ",
                    "Image NaN",
                  ],
                },
                "ref": null,
                "rendered": Array [
                  " ",
                  "Image NaN",
                ],
                "type": "h5",
              },
            ],
            "type": "div",
          },
          Object {
            "instance": null,
            "key": "1",
            "nodeType": "host",
            "props": Object {
              "children": Array [
                <img
                  alt="Not Loaded"
                  className="singleImage"
                  src="https://pixabay.com/get/e835b60d20f6093ed1584d05fb1d4f90e671e2d31cac104491f0c97ba7e5b6b0_1280.jpg"
                />,
                <h5>
                   
                  Image NaN
                </h5>,
              ],
              "className": " overflow-x-hide col-sm-6 col-md-4 col-lg-2 mx-auto",
            },
            "ref": null,
            "rendered": Array [
              Object {
                "instance": null,
                "key": undefined,
                "nodeType": "host",
                "props": Object {
                  "alt": "Not Loaded",
                  "className": "singleImage",
                  "src": "https://pixabay.com/get/e835b60d20f6093ed1584d05fb1d4f90e671e2d31cac104491f0c97ba7e5b6b0_1280.jpg",
                },
                "ref": null,
                "rendered": null,
                "type": "img",
              },
              Object {
                "instance": null,
                "key": undefined,
                "nodeType": "host",
                "props": Object {
                  "children": Array [
                    " ",
                    "Image NaN",
                  ],
                },
                "ref": null,
                "rendered": Array [
                  " ",
                  "Image NaN",
                ],
                "type": "h5",
              },
            ],
            "type": "div",
          },
        ],
        "type": "div",
      },
      Object {
        "instance": null,
        "key": undefined,
        "nodeType": "host",
        "props": Object {
          "children": <div
            className="col-sm-3 offset-sm-5 mt-3"
          >
            <div
              className="row"
            >
              <button
                className="col-sm-4 col-md-3 btn btn-info"
                onClick={[Function]}
                type="button"
              >
                Prev
                 
              </button>
              <button
                className="col-sm-4 col-md-3 offset-sm-1 btn btn-info"
                onClick={[Function]}
                type="button"
              >
                 
                Next
                 
              </button>
            </div>
          </div>,
          "className": "row biege mt-3 pb-3",
        },
        "ref": null,
        "rendered": Object {
          "instance": null,
          "key": undefined,
          "nodeType": "host",
          "props": Object {
            "children": <div
              className="row"
            >
              <button
                className="col-sm-4 col-md-3 btn btn-info"
                onClick={[Function]}
                type="button"
              >
                Prev
                 
              </button>
              <button
                className="col-sm-4 col-md-3 offset-sm-1 btn btn-info"
                onClick={[Function]}
                type="button"
              >
                 
                Next
                 
              </button>
            </div>,
            "className": "col-sm-3 offset-sm-5 mt-3",
          },
          "ref": null,
          "rendered": Object {
            "instance": null,
            "key": undefined,
            "nodeType": "host",
            "props": Object {
              "children": Array [
                <button
                  className="col-sm-4 col-md-3 btn btn-info"
                  onClick={[Function]}
                  type="button"
                >
                  Prev
                   
                </button>,
                <button
                  className="col-sm-4 col-md-3 offset-sm-1 btn btn-info"
                  onClick={[Function]}
                  type="button"
                >
                   
                  Next
                   
                </button>,
              ],
              "className": "row",
            },
            "ref": null,
            "rendered": Array [
              Object {
                "instance": null,
                "key": undefined,
                "nodeType": "host",
                "props": Object {
                  "children": Array [
                    "Prev",
                    " ",
                  ],
                  "className": "col-sm-4 col-md-3 btn btn-info",
                  "disabled": undefined,
                  "onClick": [Function],
                  "type": "button",
                },
                "ref": null,
                "rendered": Array [
                  "Prev",
                  " ",
                ],
                "type": "button",
              },
              Object {
                "instance": null,
                "key": undefined,
                "nodeType": "host",
                "props": Object {
                  "children": Array [
                    " ",
                    "Next",
                    " ",
                  ],
                  "className": "col-sm-4 col-md-3 offset-sm-1 btn btn-info",
                  "disabled": undefined,
                  "onClick": [Function],
                  "type": "button",
                },
                "ref": null,
                "rendered": Array [
                  " ",
                  "Next",
                  " ",
                ],
                "type": "button",
              },
            ],
            "type": "div",
          },
          "type": "div",
        },
        "type": "div",
      },
    ],
    "type": "div",
  },
  Symbol(enzyme.__nodes__): Array [
    Object {
      "instance": null,
      "key": undefined,
      "nodeType": "host",
      "props": Object {
        "children": Array [
          <div
            className="row mt-3"
          >
            <div
              className=" overflow-x-hide col-sm-6 col-md-4 col-lg-2 mx-auto"
            >
              <img
                alt="Not Loaded"
                className="singleImage"
                src="https://pixabay.com/get/ea35b60821f6093ed1584d05fb1d4f90e671e2d31cac104491f0c97ba7e5b6b0_1280.jpg"
              />
              <h5>
                 
                Image NaN
              </h5>
            </div>
            <div
              className=" overflow-x-hide col-sm-6 col-md-4 col-lg-2 mx-auto"
            >
              <img
                alt="Not Loaded"
                className="singleImage"
                src="https://pixabay.com/get/e835b60d20f6093ed1584d05fb1d4f90e671e2d31cac104491f0c97ba7e5b6b0_1280.jpg"
              />
              <h5>
                 
                Image NaN
              </h5>
            </div>
          </div>,
          <div
            className="row biege mt-3 pb-3"
          >
            <div
              className="col-sm-3 offset-sm-5 mt-3"
            >
              <div
                className="row"
              >
                <button
                  className="col-sm-4 col-md-3 btn btn-info"
                  onClick={[Function]}
                  type="button"
                >
                  Prev
                   
                </button>
                <button
                  className="col-sm-4 col-md-3 offset-sm-1 btn btn-info"
                  onClick={[Function]}
                  type="button"
                >
                   
                  Next
                   
                </button>
              </div>
            </div>
          </div>,
        ],
      },
      "ref": null,
      "rendered": Array [
        Object {
          "instance": null,
          "key": undefined,
          "nodeType": "host",
          "props": Object {
            "children": Array [
              <div
                className=" overflow-x-hide col-sm-6 col-md-4 col-lg-2 mx-auto"
              >
                <img
                  alt="Not Loaded"
                  className="singleImage"
                  src="https://pixabay.com/get/ea35b60821f6093ed1584d05fb1d4f90e671e2d31cac104491f0c97ba7e5b6b0_1280.jpg"
                />
                <h5>
                   
                  Image NaN
                </h5>
              </div>,
              <div
                className=" overflow-x-hide col-sm-6 col-md-4 col-lg-2 mx-auto"
              >
                <img
                  alt="Not Loaded"
                  className="singleImage"
                  src="https://pixabay.com/get/e835b60d20f6093ed1584d05fb1d4f90e671e2d31cac104491f0c97ba7e5b6b0_1280.jpg"
                />
                <h5>
                   
                  Image NaN
                </h5>
              </div>,
            ],
            "className": "row mt-3",
          },
          "ref": null,
          "rendered": Array [
            Object {
              "instance": null,
              "key": "0",
              "nodeType": "host",
              "props": Object {
                "children": Array [
                  <img
                    alt="Not Loaded"
                    className="singleImage"
                    src="https://pixabay.com/get/ea35b60821f6093ed1584d05fb1d4f90e671e2d31cac104491f0c97ba7e5b6b0_1280.jpg"
                  />,
                  <h5>
                     
                    Image NaN
                  </h5>,
                ],
                "className": " overflow-x-hide col-sm-6 col-md-4 col-lg-2 mx-auto",
              },
              "ref": null,
              "rendered": Array [
                Object {
                  "instance": null,
                  "key": undefined,
                  "nodeType": "host",
                  "props": Object {
                    "alt": "Not Loaded",
                    "className": "singleImage",
                    "src": "https://pixabay.com/get/ea35b60821f6093ed1584d05fb1d4f90e671e2d31cac104491f0c97ba7e5b6b0_1280.jpg",
                  },
                  "ref": null,
                  "rendered": null,
                  "type": "img",
                },
                Object {
                  "instance": null,
                  "key": undefined,
                  "nodeType": "host",
                  "props": Object {
                    "children": Array [
                      " ",
                      "Image NaN",
                    ],
                  },
                  "ref": null,
                  "rendered": Array [
                    " ",
                    "Image NaN",
                  ],
                  "type": "h5",
                },
              ],
              "type": "div",
            },
            Object {
              "instance": null,
              "key": "1",
              "nodeType": "host",
              "props": Object {
                "children": Array [
                  <img
                    alt="Not Loaded"
                    className="singleImage"
                    src="https://pixabay.com/get/e835b60d20f6093ed1584d05fb1d4f90e671e2d31cac104491f0c97ba7e5b6b0_1280.jpg"
                  />,
                  <h5>
                     
                    Image NaN
                  </h5>,
                ],
                "className": " overflow-x-hide col-sm-6 col-md-4 col-lg-2 mx-auto",
              },
              "ref": null,
              "rendered": Array [
                Object {
                  "instance": null,
                  "key": undefined,
                  "nodeType": "host",
                  "props": Object {
                    "alt": "Not Loaded",
                    "className": "singleImage",
                    "src": "https://pixabay.com/get/e835b60d20f6093ed1584d05fb1d4f90e671e2d31cac104491f0c97ba7e5b6b0_1280.jpg",
                  },
                  "ref": null,
                  "rendered": null,
                  "type": "img",
                },
                Object {
                  "instance": null,
                  "key": undefined,
                  "nodeType": "host",
                  "props": Object {
                    "children": Array [
                      " ",
                      "Image NaN",
                    ],
                  },
                  "ref": null,
                  "rendered": Array [
                    " ",
                    "Image NaN",
                  ],
                  "type": "h5",
                },
              ],
              "type": "div",
            },
          ],
          "type": "div",
        },
        Object {
          "instance": null,
          "key": undefined,
          "nodeType": "host",
          "props": Object {
            "children": <div
              className="col-sm-3 offset-sm-5 mt-3"
            >
              <div
                className="row"
              >
                <button
                  className="col-sm-4 col-md-3 btn btn-info"
                  onClick={[Function]}
                  type="button"
                >
                  Prev
                   
                </button>
                <button
                  className="col-sm-4 col-md-3 offset-sm-1 btn btn-info"
                  onClick={[Function]}
                  type="button"
                >
                   
                  Next
                   
                </button>
              </div>
            </div>,
            "className": "row biege mt-3 pb-3",
          },
          "ref": null,
          "rendered": Object {
            "instance": null,
            "key": undefined,
            "nodeType": "host",
            "props": Object {
              "children": <div
                className="row"
              >
                <button
                  className="col-sm-4 col-md-3 btn btn-info"
                  onClick={[Function]}
                  type="button"
                >
                  Prev
                   
                </button>
                <button
                  className="col-sm-4 col-md-3 offset-sm-1 btn btn-info"
                  onClick={[Function]}
                  type="button"
                >
                   
                  Next
                   
                </button>
              </div>,
              "className": "col-sm-3 offset-sm-5 mt-3",
            },
            "ref": null,
            "rendered": Object {
              "instance": null,
              "key": undefined,
              "nodeType": "host",
              "props": Object {
                "children": Array [
                  <button
                    className="col-sm-4 col-md-3 btn btn-info"
                    onClick={[Function]}
                    type="button"
                  >
                    Prev
                     
                  </button>,
                  <button
                    className="col-sm-4 col-md-3 offset-sm-1 btn btn-info"
                    onClick={[Function]}
                    type="button"
                  >
                     
                    Next
                     
                  </button>,
                ],
                "className": "row",
              },
              "ref": null,
              "rendered": Array [
                Object {
                  "instance": null,
                  "key": undefined,
                  "nodeType": "host",
                  "props": Object {
                    "children": Array [
                      "Prev",
                      " ",
                    ],
                    "className": "col-sm-4 col-md-3 btn btn-info",
                    "disabled": undefined,
                    "onClick": [Function],
                    "type": "button",
                  },
                  "ref": null,
                  "rendered": Array [
                    "Prev",
                    " ",
                  ],
                  "type": "button",
                },
                Object {
                  "instance": null,
                  "key": undefined,
                  "nodeType": "host",
                  "props": Object {
                    "children": Array [
                      " ",
                      "Next",
                      " ",
                    ],
                    "className": "col-sm-4 col-md-3 offset-sm-1 btn btn-info",
                    "disabled": undefined,
                    "onClick": [Function],
                    "type": "button",
                  },
                  "ref": null,
                  "rendered": Array [
                    " ",
                    "Next",
                    " ",
                  ],
                  "type": "button",
                },
              ],
              "type": "div",
            },
            "type": "div",
          },
          "type": "div",
        },
      ],
      "type": "div",
    },
  ],
  Symbol(enzyme.__options__): Object {
    "adapter": ReactSixteenAdapter {
      "options": Object {
        "enableComponentDidUpdateOnSetState": true,
        "lifecycles": Object {
          "componentDidUpdate": Object {
            "onSetState": true,
          },
          "getDerivedStateFromProps": true,
          "getSnapshotBeforeUpdate": true,
          "setState": Object {
            "skipsComponentDidUpdateOnNullish": true,
          },
        },
      },
    },
  },
}
`;
